---
source: crates/parser/src/tests.rs
description: "(&& foo bar true)\n"
input_file: crates/parser/test_data/parser/inline/ok/expr/0021_simple_and_expr.ath
---
AND_EXPR
  L_PAREN "("
  AMP2 "&&"
  WHITESPACE " "
  EXPR_PHRASE
    IDENT_EXPR
      IDENTIFIER
        IDENT "foo"
        WHITESPACE " "
  EXPR_PHRASE
    IDENT_EXPR
      IDENTIFIER
        IDENT "bar"
        WHITESPACE " "
  EXPR_PHRASE
    IDENT_EXPR
      IDENTIFIER
        IDENT "true"
  R_PAREN ")"
  WHITESPACE "\n"

