---
source: crates/parser/src/tests.rs
description: "(|| a b c)\n"
input_file: crates/parser/test_data/parser/inline/ok/pat/0148_or_pat.ath
---
OR_PAT
  L_PAREN "("
  PIPE2 "||"
  WHITESPACE " "
  IDENT_PAT
    IDENTIFIER
      IDENT "a"
  WHITESPACE " "
  IDENT_PAT
    IDENTIFIER
      IDENT "b"
  WHITESPACE " "
  IDENT_PAT
    IDENTIFIER
      IDENT "c"
  R_PAREN ")"
  WHITESPACE "\n"

