---
source: crates/parser/src/tests.rs
description: "{ A from B }\n"
input_file: crates/parser/test_data/parser/inline/ok/ded/0136_infer_from.ath
---
INFER_BLOCK_DED
  L_CURLY "{"
  WHITESPACE " "
  MAYBE_NAMED_INFERENCE
    INFERENCE
      INFER_FROM
        IDENT_EXPR
          IDENTIFIER
            IDENT "A"
        WHITESPACE " "
        FROM_KW "from"
        WHITESPACE " "
        EXPR_PHRASE
          IDENT_EXPR
            IDENTIFIER
              IDENT "B"
  WHITESPACE " "
  R_CURLY "}"
  WHITESPACE "\n"

