---
source: crates/parser/src/tests.rs
description: "( overload foo bar )\n"
input_file: crates/parser/test_data/parser/inline/ok/dir/0186_overload_dir_prefix.ath
---
OVERLOAD_SINGLE
  L_PAREN "("
  WHITESPACE " "
  OVERLOAD_KW "overload"
  WHITESPACE " "
  EXPR_PHRASE
    IDENT_EXPR
      IDENTIFIER
        IDENT "foo"
  WHITESPACE " "
  EXPR_PHRASE
    IDENT_EXPR
      IDENTIFIER
        IDENT "bar"
  WHITESPACE " "
  R_PAREN ")"
  WHITESPACE "\n"

